// Jest Snapshot v1, https://goo.gl/fbAQLP

exports[`Album component snapshot testing matches the snapshot 1`] = `
Array [
  <BrowserRouter>
    <Album
      albumData={
        Object {
          "id": 2,
          "title": "sunt qui excepturi placeat culpa",
          "userId": 1,
        }
      }
      name="Uncle Tom"
    />
  </BrowserRouter>,
]
`;
